20
--- Starting Batch Run: Chunk 1/4 ---
Generating Master LHS Parameter Set...
Processing Simulations: Global ID 0 to 1 (2 runs)
#!/usr/bin/env bash

#SBATCH -J SensHEF
#SBATCH -A morsanat
#SBATCH -n 1
#SBATCH --cpus-per-task=20
#SBATCH --mem=56G
#SBATCH -t 00:30:00
#SBATCH --qos=short
#SBATCH --error=Error_nodes.err
#SBATCH --output=Output_nodes.out
#SBATCH --time=01:00:00
#SBATCH --mem='3G'
#SBATCH --exclude=node01,node02

/data/scratch/richteny/miniconda3/envs/pymc_env/bin/python -m distributed.cli.dask_worker tcp://192.168.1.14:36273 --nthreads 1 --nworkers 20 --memory-limit 2.79GiB --name dummy-name --nanny --death-timeout 60 --local-directory ./logs/dask-worker-space

You are using SLURM!

SLURMCluster(a57b3f95, 'tcp://192.168.1.14:36273', workers=0, threads=0, memory=0 B)

[Global Sim ID: 0]  (1/2)
#--------------------------------------#
Starting simulations with the following parameters.
(0.8080216311973517, 0.174, 0.798021029254649, 0.7178025780033231, 18.038579229329066, 12.866776952778533, 0.0, 1, 0.24, 1.7, 4.0, 0.0026, 48.82278315140438, 0.5021166297969842, -0.3805698509951765, 18.08832316048838, 30, 14, 0.0026379005714088975)

#--------------------------------------#

Maximum available time interval from 1987-10-01T00:00 until 2024-12-31T23:00. Time steps: 326568


--------------------------------------------------------------
	Integration from 1987-10-01T00:00 to 2023-12-31T23:00
--------------------------------------------------------------

--------------------------------------------------------------
Checking input data ....

Please check the input data, it seems they are out of range:
T2 ... MAX: 290.86 MIN: 238.08

RH2 ... ok
G ... ok
U2 ... ok
RRR ... ok
PRES ... ok
Please check the input data, it seems they are out of range:
LWin ... MAX: 358.68 MIN: 68.60

Please check the input data, it seems they are out of range:
SLOPE ... MAX: 46.01 MIN: 5.06


Glacier gridpoints: 65 



Output dataset ... ok
Restart dataset ... ok
--------------------------------------------------------------

(317784, 65, 1)
Assigning values back to DATA
100.0
1.0800103975811264
(317784, 65, 1)
Seconds needed for lapse rate: 0:00:04.506388
------------------------------------------------------------------------
	Starting clients and submitting jobs ...
------------------------------------------------------------------------

SLURMCluster(a57b3f95, 'tcp://192.168.1.14:36273', workers=80, threads=80, memory=223.20 GiB)
<Client: 'tcp://192.168.1.14:36273' processes=80 threads=80, memory=223.20 GiB>
65 80 0
 -> Sim 0 FAILED: degenerate grid: number_nodes=1, len(heights)=1, total_h=5.00, t=303486

[Global Sim ID: 1]  (2/2)
#--------------------------------------#
Starting simulations with the following parameters.
(1.162440502620325, 0.174, 0.7805475370456391, 0.45274631291817746, 18.038579229329066, 8.07871917986892, 0.0, 1, 0.24, 1.7, 4.0, 0.0026, -35.284520165885375, 1.8520800431354476, 1.8863806391076117, 21.474891835706455, 30, 14, 0.005319159900908846)

#--------------------------------------#

Maximum available time interval from 1987-10-01T00:00 until 2024-12-31T23:00. Time steps: 326568


--------------------------------------------------------------
	Integration from 1987-10-01T00:00 to 2023-12-31T23:00
--------------------------------------------------------------

--------------------------------------------------------------
Checking input data ....

Please check the input data, it seems they are out of range:
T2 ... MAX: 290.86 MIN: 238.08

RH2 ... ok
G ... ok
U2 ... ok
RRR ... ok
PRES ... ok
Please check the input data, it seems they are out of range:
LWin ... MAX: 358.68 MIN: 68.60

Please check the input data, it seems they are out of range:
SLOPE ... MAX: 46.01 MIN: 5.06


Glacier gridpoints: 65 



Output dataset ... ok
Restart dataset ... ok
--------------------------------------------------------------

(317784, 65, 1)
Assigning values back to DATA
100.0
1.0800103975811264
(317784, 65, 1)
Seconds needed for lapse rate: 0:00:01.030902
------------------------------------------------------------------------
	Starting clients and submitting jobs ...
------------------------------------------------------------------------

SLURMCluster(a57b3f95, 'tcp://192.168.1.14:36273', workers=80, threads=80, memory=223.20 GiB)
<Client: 'tcp://192.168.1.14:36273' processes=80 threads=80, memory=223.20 GiB>
65 80 0
	Time required to do calculations:    7 minutes 38.1642 seconds



------------------------------------------------------------------------
Write results ...
------------------------------------------------------------------------

Geod. MB test.
-6.251295008854789
Time it took to calculate geod. MB  0:00:00.153063
Starting TSL eval.
Resampling dynamic N_Points for TSL masking.
Time required for resampling of output:  0:00:00.531286
Calculating TSLA using conservative. Normalization is set to True.
Time required for calculating TSL only : 0:00:02.051677
Max. TSLA: 1.0
Time required for calculating TSL stats:  0:00:00.004257
TSLA Observed vs. Modelled RMSE: 0.2698398639191998; R-squared: 0.1694917492802091
Time required for full TSL EVAL:  0:00:02.643751
	Time required to write restart and output files:    1 minutes 26.5297 seconds

	Total run duration:    9 minutes 5.77182 seconds

------------------------------------------------------------------------
	SIMULATION WAS SUCCESSFUL
------------------------------------------------------------------------

 -> Sim 1 finished.

Chunk 0 Complete.  1 erfolgreich, 1 fehlgeschlagen.
