[1988] HGT=4395 nlay=  79 H=392.25m  rho: top=  917 1m=  917 5m=  917 10m=  917 max=  917  n>=830:  79  z830=  1.13m
      T[0]= -17.7 Tavg[0]=  -3.6  T[10]=  -3.4 Tavg[10]=  -3.4
        T[0]= -17.7 Tavg[0]=  -3.6  T[10]=  -3.4 Tavg[10]=  -3.4  Masse=  359.696 m w.e.
[1989] HGT=4395 nlay=  77 H=383.38m  rho: top=  917 1m=  917 5m=  917 10m=  917 max=  917  n>=830:  77  z830=  1.69m
      T[0]=  -8.3 Tavg[0]=  -3.6  T[10]=  -3.4 Tavg[10]=  -3.4
        T[0]=  -8.3 Tavg[0]=  -3.6  T[10]=  -3.4 Tavg[10]=  -3.4  Masse=  351.558 m w.e.
[1990] HGT=4395 nlay=  75 H=374.01m  rho: top=  917 1m=  917 5m=  917 10m=  917 max=  917  n>=830:  75  z830=  2.01m
      T[0]= -13.0 Tavg[0]=  -3.5  T[10]=  -3.4 Tavg[10]=  -3.4
        T[0]= -13.0 Tavg[0]=  -3.5  T[10]=  -3.4 Tavg[10]=  -3.4  Masse=  342.970 m w.e.
[1991] HGT=4395 nlay=  75 H=365.43m  rho: top=   99 1m=  917 5m=  917 10m=  917 max=  917  n>=830:  74  z830=  0.22m
      T[0]=  -6.4 Tavg[0]=  -7.2  T[10]=  -3.4 Tavg[10]=  -3.4
        T[0]=  -6.4 Tavg[0]=  -7.2  T[10]=  -3.4 Tavg[10]=  -3.4  Masse=  335.096 m w.e.
[1992] HGT=4395 nlay=  73 H=358.60m  rho: top=  124 1m=  917 5m=  917 10m=  917 max=  917  n>=830:  72  z830=  1.84m
      T[0]=  -5.2 Tavg[0]=  -7.2  T[10]=  -3.4 Tavg[10]=  -3.4
        T[0]=  -5.2 Tavg[0]=  -7.2  T[10]=  -3.4 Tavg[10]=  -3.4  Masse=  328.779 m w.e.
[1993] HGT=4395 nlay=  71 H=350.06m  rho: top=  917 1m=  917 5m=  917 10m=  917 max=  917  n>=830:  71  z830=  0.05m
      T[0]= -13.6 Tavg[0]=  -3.7  T[10]=  -3.3 Tavg[10]=  -3.3
        T[0]= -13.6 Tavg[0]=  -3.7  T[10]=  -3.3 Tavg[10]=  -3.3  Masse=  321.006 m w.e.
[1994] HGT=4395 nlay=  69 H=341.75m  rho: top=  917 1m=  917 5m=  917 10m=  917 max=  917  n>=830:  69  z830=  0.87m
      T[0]= -13.3 Tavg[0]=  -3.8  T[10]=  -3.3 Tavg[10]=  -3.3
        T[0]= -13.3 Tavg[0]=  -3.8  T[10]=  -3.3 Tavg[10]=  -3.3  Masse=  313.384 m w.e.
[1995] HGT=4395 nlay=  67 H=332.29m  rho: top=  917 1m=  917 5m=  917 10m=  917 max=  917  n>=830:  67  z830=  1.15m
      T[0]= -12.6 Tavg[0]=  -3.5  T[10]=  -3.3 Tavg[10]=  -3.3
        T[0]= -12.6 Tavg[0]=  -3.5  T[10]=  -3.3 Tavg[10]=  -3.3  Masse=  304.713 m w.e.
[1996] HGT=4395 nlay=  65 H=323.49m  rho: top=  917 1m=  917 5m=  917 10m=  917 max=  917  n>=830:  65  z830=  1.75m
      T[0]= -15.0 Tavg[0]=  -3.5  T[10]=  -3.3 Tavg[10]=  -3.3
        T[0]= -15.0 Tavg[0]=  -3.5  T[10]=  -3.3 Tavg[10]=  -3.3  Masse=  296.644 m w.e.
[1997] HGT=4395 nlay=  63 H=313.81m  rho: top=  917 1m=  917 5m=  917 10m=  917 max=  917  n>=830:  63  z830=  1.90m
      T[0]= -17.1 Tavg[0]=  -3.5  T[10]=  -3.3 Tavg[10]=  -3.3
        T[0]= -17.1 Tavg[0]=  -3.5  T[10]=  -3.3 Tavg[10]=  -3.3  Masse=  287.761 m w.e.
[1998] HGT=4395 nlay=  63 H=305.49m  rho: top=  130 1m=  917 5m=  917 10m=  917 max=  917  n>=830:  62  z830=  0.27m
      T[0]=  -8.0 Tavg[0]=  -5.2  T[10]=  -3.3 Tavg[10]=  -3.3
        T[0]=  -8.0 Tavg[0]=  -5.2  T[10]=  -3.3 Tavg[10]=  -3.3  Masse=  280.095 m w.e.
[1999] HGT=4395 nlay=  60 H=296.48m  rho: top=  917 1m=  917 5m=  917 10m=  917 max=  917  n>=830:  60  z830=  0.74m
      T[0]=  -8.9 Tavg[0]=  -3.7  T[10]=  -3.3 Tavg[10]=  -3.3
        T[0]=  -8.9 Tavg[0]=  -3.7  T[10]=  -3.3 Tavg[10]=  -3.3  Masse=  271.870 m w.e.
[2000] HGT=4395 nlay=  59 H=287.07m  rho: top=  130 1m=  917 5m=  917 10m=  917 max=  917  n>=830:  58  z830=  1.04m
      T[0]=  -6.7 Tavg[0]=  -7.1  T[10]=  -3.3 Tavg[10]=  -3.3
        T[0]=  -6.7 Tavg[0]=  -7.1  T[10]=  -3.3 Tavg[10]=  -3.3  Masse=  263.232 m w.e.
[2001] HGT=4395 nlay=  56 H=277.78m  rho: top=  917 1m=  917 5m=  917 10m=  917 max=  917  n>=830:  56  z830=  1.39m
      T[0]= -13.1 Tavg[0]=  -3.4  T[10]=  -3.3 Tavg[10]=  -3.3
        T[0]= -13.1 Tavg[0]=  -3.4  T[10]=  -3.3 Tavg[10]=  -3.3  Masse=  254.721 m w.e.
[2002] HGT=4395 nlay=  54 H=268.62m  rho: top=  917 1m=  917 5m=  917 10m=  917 max=  917  n>=830:  54  z830=  1.81m
      T[0]=  -7.9 Tavg[0]=  -3.4  T[10]=  -3.2 Tavg[10]=  -3.2
        T[0]=  -7.9 Tavg[0]=  -3.4  T[10]=  -3.2 Tavg[10]=  -3.2  Masse=  246.323 m w.e.
[2003] HGT=4395 nlay=  52 H=259.53m  rho: top=  917 1m=  917 5m=  917 10m=  917 max=  917  n>=830:  52  z830=  2.27m
      T[0]= -23.4 Tavg[0]=  -3.4  T[10]=  -3.2 Tavg[10]=  -3.2
        T[0]= -23.4 Tavg[0]=  -3.4  T[10]=  -3.2 Tavg[10]=  -3.2  Masse=  237.992 m w.e.
[2004] HGT=4395 nlay=  51 H=250.16m  rho: top=  917 1m=  917 5m=  917 10m=  917 max=  917  n>=830:  51  z830=  0.09m
      T[0]= -14.4 Tavg[0]=  -3.6  T[10]=  -3.2 Tavg[10]=  -3.2
        T[0]= -14.4 Tavg[0]=  -3.6  T[10]=  -3.2 Tavg[10]=  -3.2  Masse=  229.393 m w.e.
[2005] HGT=4395 nlay=  49 H=240.84m  rho: top=  917 1m=  917 5m=  917 10m=  917 max=  917  n>=830:  49  z830=  0.42m
      T[0]= -14.3 Tavg[0]=  -3.6  T[10]=  -3.2 Tavg[10]=  -3.2
        T[0]= -14.3 Tavg[0]=  -3.6  T[10]=  -3.2 Tavg[10]=  -3.2  Masse=  220.852 m w.e.
[2006] HGT=4395 nlay=  48 H=232.67m  rho: top=  128 1m=  917 5m=  917 10m=  917 max=  917  n>=830:  47  z830=  1.34m
      T[0]=  -6.9 Tavg[0]=  -5.8  T[10]=  -3.2 Tavg[10]=  -3.2
        T[0]=  -6.9 Tavg[0]=  -5.8  T[10]=  -3.2 Tavg[10]=  -3.2  Masse=  213.356 m w.e.
[2007] HGT=4395 nlay=  45 H=223.18m  rho: top=  917 1m=  917 5m=  917 10m=  917 max=  917  n>=830:  45  z830=  1.59m
      T[0]= -21.7 Tavg[0]=  -3.3  T[10]=  -3.2 Tavg[10]=  -3.2
        T[0]= -21.7 Tavg[0]=  -3.3  T[10]=  -3.2 Tavg[10]=  -3.2  Masse=  204.657 m w.e.
[2008] HGT=4395 nlay=  43 H=213.77m  rho: top=  917 1m=  917 5m=  917 10m=  917 max=  917  n>=830:  43  z830=  1.89m
      T[0]=  -5.7 Tavg[0]=  -3.4  T[10]=  -3.2 Tavg[10]=  -3.2
        T[0]=  -5.7 Tavg[0]=  -3.4  T[10]=  -3.2 Tavg[10]=  -3.2  Masse=  196.030 m w.e.
[2009] HGT=4395 nlay=  41 H=204.88m  rho: top=  917 1m=  917 5m=  917 10m=  917 max=  917  n>=830:  41  z830=  2.44m
      T[0]= -14.9 Tavg[0]=  -3.2  T[10]=  -3.2 Tavg[10]=  -3.2
        T[0]= -14.9 Tavg[0]=  -3.2  T[10]=  -3.2 Tavg[10]=  -3.2  Masse=  187.878 m w.e.
[2010] HGT=4395 nlay=  40 H=196.97m  rho: top=  917 1m=  917 5m=  917 10m=  917 max=  917  n>=830:  40  z830=  0.99m
      T[0]= -12.8 Tavg[0]=  -3.7  T[10]=  -3.2 Tavg[10]=  -3.2
        T[0]= -12.8 Tavg[0]=  -3.7  T[10]=  -3.2 Tavg[10]=  -3.2  Masse=  180.624 m w.e.
[2011] HGT=4395 nlay=  38 H=187.48m  rho: top=  917 1m=  917 5m=  917 10m=  917 max=  917  n>=830:  38  z830=  1.24m
      T[0]= -10.0 Tavg[0]=  -3.3  T[10]=  -3.2 Tavg[10]=  -3.2
        T[0]= -10.0 Tavg[0]=  -3.3  T[10]=  -3.2 Tavg[10]=  -3.2  Masse=  171.921 m w.e.
[2012] HGT=4395 nlay=  38 H=180.52m  rho: top=  115 1m=  917 5m=  917 10m=  917 max=  917  n>=830:  37  z830=  0.27m
      T[0]=  -8.3 Tavg[0]=  -8.5  T[10]=  -3.2 Tavg[10]=  -3.2
        T[0]=  -8.3 Tavg[0]=  -8.5  T[10]=  -3.2 Tavg[10]=  -3.2  Masse=  165.534 m w.e.
[2013] HGT=4395 nlay=  35 H=170.95m  rho: top=  917 1m=  917 5m=  917 10m=  917 max=  917  n>=830:  35  z830=  0.48m
      T[0]= -11.0 Tavg[0]=  -3.7  T[10]=  -3.1 Tavg[10]=  -3.1
        T[0]= -11.0 Tavg[0]=  -3.7  T[10]=  -3.1 Tavg[10]=  -3.1  Masse=  156.765 m w.e.
[2014] HGT=4395 nlay=  33 H=161.71m  rho: top=  917 1m=  917 5m=  917 10m=  917 max=  917  n>=830:  33  z830=  0.86m
      T[0]=  -9.6 Tavg[0]=  -3.2  T[10]=  -3.1 Tavg[10]=  -3.1
        T[0]=  -9.6 Tavg[0]=  -3.2  T[10]=  -3.1 Tavg[10]=  -3.1  Masse=  148.292 m w.e.
[2015] HGT=4395 nlay=  31 H=152.34m  rho: top=  917 1m=  917 5m=  917 10m=  917 max=  917  n>=830:  31  z830=  1.17m
      T[0]=  -8.7 Tavg[0]=  -3.2  T[10]=  -3.1 Tavg[10]=  -3.1
        T[0]=  -8.7 Tavg[0]=  -3.2  T[10]=  -3.1 Tavg[10]=  -3.1  Masse=  139.693 m w.e.
[2016] HGT=4395 nlay=  29 H=142.50m  rho: top=  917 1m=  917 5m=  917 10m=  917 max=  917  n>=830:  29  z830=  1.25m
      T[0]=  -9.4 Tavg[0]=  -3.2  T[10]=  -3.1 Tavg[10]=  -3.1
        T[0]=  -9.4 Tavg[0]=  -3.2  T[10]=  -3.1 Tavg[10]=  -3.1  Masse=  130.673 m w.e.
[2017] HGT=4395 nlay=  29 H=136.24m  rho: top=  133 1m=  917 5m=  917 10m=  917 max=  917  n>=830:  28  z830=  0.64m
      T[0]=  -6.8 Tavg[0]=  -7.7  T[10]=  -3.1 Tavg[10]=  -3.1
        T[0]=  -6.8 Tavg[0]=  -7.7  T[10]=  -3.1 Tavg[10]=  -3.1  Masse=  124.907 m w.e.
[2004] HGT=4395 nlay=  62 H=306.67m  rho: top=  917 1m=  917 5m=  917 10m=  917 max=  917  n>=830:  62  z830=  0.84m
      T[0]=  -9.3 Tavg[0]=  -3.2  T[10]=  -3.1 Tavg[10]=  -3.1
        T[0]=  -9.3 Tavg[0]=  -3.2  T[10]=  -3.1 Tavg[10]=  -3.1  Masse=  116.094 m w.e.
[2019] HGT=4395 nlay=  24 H=117.04m  rho: top=  917 1m=  917 5m=  917 10m=  917 max=  917  n>=830:  24  z830=  1.02m
      T[0]=  -6.8 Tavg[0]=  -3.2  T[10]=  -3.1 Tavg[10]=  -3.1
        T[0]=  -6.8 Tavg[0]=  -3.2  T[10]=  -3.1 Tavg[10]=  -3.1  Masse=  107.322 m w.e.
[2020] HGT=4395 nlay=  23 H=107.29m  rho: top=   97 1m=  917 5m=  917 10m=  917 max=  917  n>=830:  22  z830=  1.15m
      T[0]=  -5.1 Tavg[0]=  -7.4  T[10]=  -3.1 Tavg[10]=  -3.1
        T[0]=  -5.1 Tavg[0]=  -7.4  T[10]=  -3.1 Tavg[10]=  -3.1  Masse=   98.379 m w.e.
[2021] HGT=4395 nlay=  20 H= 97.95m  rho: top=  917 1m=  917 5m=  917 10m=  917 max=  917  n>=830:  20  z830=  1.47m
      T[0]= -11.3 Tavg[0]=  -3.3  T[10]=  -3.1 Tavg[10]=  -3.1
        T[0]= -11.3 Tavg[0]=  -3.3  T[10]=  -3.1 Tavg[10]=  -3.1  Masse=   89.817 m w.e.
[2022] HGT=4395 nlay=  18 H= 88.23m  rho: top=  917 1m=  917 5m=  917 10m=  917 max=  917  n>=830:  18  z830=  1.62m
      T[0]= -10.6 Tavg[0]=  -3.3  T[10]=  -3.0 Tavg[10]=  -3.0
        T[0]= -10.6 Tavg[0]=  -3.3  T[10]=  -3.0 Tavg[10]=  -3.0  Masse=   80.907 m w.e.
[2009] HGT=4395 nlay=  56 H=277.99m  rho: top=  917 1m=  917 5m=  917 10m=  917 max=  917  n>=830:  56  z830=  1.50m
      T[0]= -10.1 Tavg[0]=  -4.3  T[10]=  -3.3 Tavg[10]=  -3.3
        T[0]= -10.1 Tavg[0]=  -4.3  T[10]=  -3.3 Tavg[10]=  -3.3  Masse=  254.921 m w.e.
[2010] HGT=4395 nlay=  55 H=272.38m  rho: top=  917 1m=  917 5m=  917 10m=  917 max=  917  n>=830:  55  z830=  1.19m
      T[0]= -11.7 Tavg[0]=  -4.6  T[10]=  -3.3 Tavg[10]=  -3.3
        T[0]= -11.7 Tavg[0]=  -4.6  T[10]=  -3.3 Tavg[10]=  -3.3  Masse=  249.770 m w.e.
[2011] HGT=4395 nlay=  54 H=266.20m  rho: top=  917 1m=  917 5m=  917 10m=  917 max=  917  n>=830:  54  z830=  0.60m
      T[0]=  -9.3 Tavg[0]=  -4.8  T[10]=  -3.3 Tavg[10]=  -3.2
        T[0]=  -9.3 Tavg[0]=  -4.8  T[10]=  -3.3 Tavg[10]=  -3.2  Masse=  244.103 m w.e.
[2012] HGT=4395 nlay=  53 H=260.55m  rho: top=  917 1m=  917 5m=  917 10m=  917 max=  917  n>=830:  53  z830=  0.28m
      T[0]=  -8.9 Tavg[0]=  -4.6  T[10]=  -3.2 Tavg[10]=  -3.2
        T[0]=  -8.9 Tavg[0]=  -4.6  T[10]=  -3.2 Tavg[10]=  -3.2  Masse=  238.925 m w.e.
[2013] HGT=4395 nlay=  51 H=254.67m  rho: top=  917 1m=  917 5m=  917 10m=  917 max=  917  n>=830:  51  z830=  2.34m
      T[0]=  -9.0 Tavg[0]=  -3.6  T[10]=  -3.2 Tavg[10]=  -3.2
        T[0]=  -9.0 Tavg[0]=  -3.6  T[10]=  -3.2 Tavg[10]=  -3.2  Masse=  233.534 m w.e.
[2014] HGT=4395 nlay=  50 H=248.76m  rho: top=  917 1m=  917 5m=  917 10m=  917 max=  917  n>=830:  50  z830=  1.88m
      T[0]=  -8.0 Tavg[0]=  -4.4  T[10]=  -3.2 Tavg[10]=  -3.2
        T[0]=  -8.0 Tavg[0]=  -4.4  T[10]=  -3.2 Tavg[10]=  -3.2  Masse=  228.114 m w.e.
[2015] HGT=4395 nlay=  49 H=242.85m  rho: top=  917 1m=  917 5m=  917 10m=  917 max=  917  n>=830:  49  z830=  1.42m
      T[0]=  -9.1 Tavg[0]=  -4.7  T[10]=  -3.2 Tavg[10]=  -3.2
        T[0]=  -9.1 Tavg[0]=  -4.7  T[10]=  -3.2 Tavg[10]=  -3.2  Masse=  222.692 m w.e.
[2016] HGT=4395 nlay=  48 H=236.63m  rho: top=  917 1m=  917 5m=  917 10m=  917 max=  917  n>=830:  48  z830=  0.82m
      T[0]=  -7.6 Tavg[0]=  -4.7  T[10]=  -3.2 Tavg[10]=  -3.2
        T[0]=  -7.6 Tavg[0]=  -4.7  T[10]=  -3.2 Tavg[10]=  -3.2  Masse=  216.994 m w.e.
[2017] HGT=4395 nlay=  48 H=232.87m  rho: top=  207 1m=  917 5m=  917 10m=  917 max=  917  n>=830:  47  z830=  1.44m
      T[0]=  -7.6 Tavg[0]=  -5.6  T[10]=  -3.2 Tavg[10]=  -3.2
        T[0]=  -7.6 Tavg[0]=  -5.6  T[10]=  -3.2 Tavg[10]=  -3.2  Masse=  213.527 m w.e.
[2018] HGT=4395 nlay=  46 H=226.79m  rho: top=  917 1m=  917 5m=  917 10m=  917 max=  917  n>=830:  46  z830=  0.90m
      T[0]= -14.7 Tavg[0]=  -4.8  T[10]=  -3.2 Tavg[10]=  -3.2
        T[0]= -14.7 Tavg[0]=  -4.8  T[10]=  -3.2 Tavg[10]=  -3.2  Masse=  207.971 m w.e.
[2019] HGT=4395 nlay=  45 H=220.93m  rho: top=  917 1m=  917 5m=  917 10m=  917 max=  917  n>=830:  45  z830=  0.47m
      T[0]=  -5.3 Tavg[0]=  -4.6  T[10]=  -3.2 Tavg[10]=  -3.2
        T[0]=  -5.3 Tavg[0]=  -4.6  T[10]=  -3.2 Tavg[10]=  -3.2  Masse=  202.597 m w.e.
[2020] HGT=4395 nlay=  43 H=214.86m  rho: top=  917 1m=  917 5m=  917 10m=  917 max=  917  n>=830:  43  z830=  2.43m
      T[0]=  -9.5 Tavg[0]=  -3.7  T[10]=  -3.2 Tavg[10]=  -3.2
        T[0]=  -9.5 Tavg[0]=  -3.7  T[10]=  -3.2 Tavg[10]=  -3.2  Masse=  197.025 m w.e.
[2021] HGT=4395 nlay=  42 H=208.76m  rho: top=  917 1m=  917 5m=  917 10m=  917 max=  917  n>=830:  42  z830=  1.88m
      T[0]=  -8.7 Tavg[0]=  -4.5  T[10]=  -3.2 Tavg[10]=  -3.2
        T[0]=  -8.7 Tavg[0]=  -4.5  T[10]=  -3.2 Tavg[10]=  -3.2  Masse=  191.430 m w.e.
[2022] HGT=4395 nlay=  41 H=202.27m  rho: top=  917 1m=  917 5m=  917 10m=  917 max=  917  n>=830:  41  z830=  1.14m
      T[0]=  -9.0 Tavg[0]=  -4.7  T[10]=  -3.2 Tavg[10]=  -3.2
        T[0]=  -9.0 Tavg[0]=  -4.7  T[10]=  -3.2 Tavg[10]=  -3.2  Masse=  185.485 m w.e.
[2023] HGT=4395 nlay=  40 H=196.24m  rho: top=  917 1m=  917 5m=  917 10m=  917 max=  917  n>=830:  40  z830=  0.62m
      T[0]= -12.5 Tavg[0]=  -4.5  T[10]=  -3.2 Tavg[10]=  -3.2
        T[0]= -12.5 Tavg[0]=  -4.5  T[10]=  -3.2 Tavg[10]=  -3.2  Masse=  179.951 m w.e.
